            __ 3 __              
         __/       \__           
       2               9         
     /               /   \       
   1               4       10    
                            \    
                             11  
