                        ______ 34 _____                          
                 ______/               \______                   
            __ 3 __                         __ 45 _              
         __/       \__                   __/       \__           
       2               13              36              55        
     /               /   \           /   \           /   \       
   1               12      14      35      37      47      57    
                            \                     / \     / \    
                             15                  46  48  56  58  
