            __ 4 __              
         __/       \__           
       2               6         
     /   \           /   \       
   1       3       5       10    
                          / \    
                         9   11  
